
> react-kavia@0.1.0 start
> cross-env EDIT_MODE=true webpack serve --config .ve/webpack.config.js --mode development

<i> [webpack-dev-server] Project is running at:
<i> [webpack-dev-server] Loopback: http://localhost:3000/, http://[::1]:3000/
<i> [webpack-dev-server] On Your Network (IPv4): http://172.17.0.2:3000/
<i> [webpack-dev-server] Content not from webpack is served from './public' directory
Injecting EditorRootWrapper import: ../.ve/EditorRootWrapper
asset bundle.js 1.39 MiB [emitted] (name: main)
asset index.html 1.92 KiB [emitted]
runtime modules 27.5 KiB 14 modules
modules by path ./node_modules/ 1.24 MiB 31 modules
modules by path ./src/ 10.8 KiB
  modules by path ./src/*.css 8 KiB 4 modules
  modules by path ./src/*.js 2.76 KiB
    ./src/index.js 530 bytes [built] [code generated]
    ./src/App.js 2.24 KiB [built] [code generated]
modules by path ./.ve/ 15.1 KiB
  modules by path ./.ve/*.js 10.6 KiB 2 modules
  modules by path ./.ve/*.css 2.93 KiB
    ./.ve/EditorOverlay.css 2.25 KiB [built] [code generated]
    ./node_modules/css-loader/dist/cjs.js!./.ve/EditorOverlay.css 697 bytes [built] [code generated]
  ./.ve/EditorOverlay.jsx 1.58 KiB [built] [code generated]
webpack 5.99.9 compiled successfully in 1788 ms
assets by status 1.39 MiB [cached] 1 asset
asset index.html 1.92 KiB [emitted]
cached modules 1.26 MiB (javascript) 27.5 KiB (runtime) [cached] 56 modules
webpack 5.99.9 compiled successfully in 54 ms
assets by status 1.92 KiB [cached] 1 asset
assets by path *.js 1.4 MiB
  asset bundle.js 1.39 MiB [emitted] (name: main)
  asset main.2c0f46a3412dad1eaddd.hot-update.js 5.06 KiB [emitted] [immutable] [hmr] (name: main)
asset main.2c0f46a3412dad1eaddd.hot-update.json 28 bytes [emitted] [immutable] [hmr]
Entrypoint main 1.4 MiB = bundle.js 1.39 MiB main.2c0f46a3412dad1eaddd.hot-update.js 5.06 KiB
cached modules 1.26 MiB [cached] 41 modules
runtime modules 27.5 KiB 14 modules
./src/App.js 2.41 KiB [built] [code generated]
webpack 5.99.9 compiled successfully in 61 ms
Injecting EditorRootWrapper import: ../.ve/EditorRootWrapper
assets by status 1.92 KiB [cached] 1 asset
assets by path *.js 1.4 MiB
  asset bundle.js 1.39 MiB [emitted] (name: main)
  asset main.ad0f6c4580945239ac39.hot-update.js 2.8 KiB [emitted] [immutable] [hmr] (name: main)
asset main.ad0f6c4580945239ac39.hot-update.json 28 bytes [emitted] [immutable] [hmr]
Entrypoint main 1.4 MiB = bundle.js 1.39 MiB main.ad0f6c4580945239ac39.hot-update.js 2.8 KiB
cached modules 1.26 MiB [cached] 41 modules
runtime modules 27.5 KiB 14 modules
./src/index.js 572 bytes [built] [code generated]
webpack 5.99.9 compiled successfully in 55 ms
assets by path *.js 1.39 MiB
  asset bundle.js 1.39 MiB [emitted] (name: main)
  asset main.848ebe40dadedff11e57.hot-update.js 854 bytes [emitted] [immutable] [hmr] (name: main)
asset index.html 450 KiB [emitted]
asset main.848ebe40dadedff11e57.hot-update.json 28 bytes [emitted] [immutable] [hmr]
Entrypoint main 1.39 MiB = bundle.js 1.39 MiB main.848ebe40dadedff11e57.hot-update.js 854 bytes
cached modules 1.26 MiB [cached] 42 modules
runtime modules 27.5 KiB 14 modules
webpack 5.99.9 compiled successfully in 128 ms
assets by path *.js 1.39 MiB
  asset bundle.js 1.39 MiB [emitted] (name: main)
  asset main.ff77f0dbd5f5d5f09685.hot-update.js 854 bytes [emitted] [immutable] [hmr] (name: main)
asset index.html 730 bytes [emitted]
asset main.ff77f0dbd5f5d5f09685.hot-update.json 28 bytes [emitted] [immutable] [hmr]
Entrypoint main 1.39 MiB = bundle.js 1.39 MiB main.ff77f0dbd5f5d5f09685.hot-update.js 854 bytes
cached modules 1.26 MiB [cached] 42 modules
runtime modules 27.5 KiB 14 modules
webpack 5.99.9 compiled successfully in 70 ms
